../source/Alarm.c:84:6:alarm_frameline	24	static
../source/Alarm.c:107:6:Alarm_screen	48	static
../source/Alarm.c:135:6:Alarm_screen_target	48	static
../source/Alarm.c:163:6:Error_screen	48	static
../source/Alarm.c:671:6:Warning_screen	48	static
../source/Alarm.c:730:6:warning_screen_erase	24	static
../source/Alarm.c:763:6:warn_tone	4	static
../source/Alarm.c:785:6:pop_screen	24	static
../source/Alarm.c:801:6:Notif_screen	32	static
../source/Alarm.c:832:6:Warning_Scr_Erase	16	static
../source/Alarm.c:735:6:disp_warning_screen	16	static
../source/Alarm.c:892:6:Alarm_Running	168	static
../source/Alarm.c:936:6:Alarm_war_screen	40	static
../source/Alarm.c:190:6:alarm_string	4	static
../source/Alarm.c:565:6:Alarm	48	static
../source/Alarm.c:1067:6:Mains_symbol	32	static
../source/Alarm.c:1090:6:caution_info	32	static
../source/Alarm.c:1103:6:notif_Scr_Erase	72	static
../source/Alarm.c:983:6:Notification	16	static
../source/Alarm.c:1166:6:Warning_Scr_Erase_1	8	static
../source/Alarm.c:1123:6:pop_up	24	static
