../source/Device_main_scrn.c:495:6:device_sett_frame	16	static
../source/Device_main_scrn.c:507:6:device_sett_Opt_Frame	80	static
../source/Device_main_scrn.c:575:6:device_sett_cursor	72	static
../source/Device_main_scrn.c:632:6:device_subsetting	96	static
../source/Device_main_scrn.c:710:6:device_info_frame	16	static
../source/Device_main_scrn.c:733:6:device_info_Opt_Frame	64	static
../source/Device_main_scrn.c:784:6:about_fun	32	static
../source/Device_main_scrn.c:870:6:infusion_modes_Opt_Frame	16	static
../source/Device_main_scrn.c:882:6:infusion_mode_sett_Opt_Frame	64	static
../source/Device_main_scrn.c:1087:6:infusion_mode_sett_cursor	64	static
../source/Device_main_scrn.c:927:6:infusion_sett_Screen	48	static
../source/Device_main_scrn.c:1124:6:brightness_mode_sett_Opt_Frame	56	static
../source/Device_main_scrn.c:1383:6:brightness_mode_sett_cursor	64	static
../source/Device_main_scrn.c:1432:6:brightness_mode_Opt_Frame	16	static
../source/Device_main_scrn.c:1437:6:brightness_subsetting	72	static
../source/Device_main_scrn.c:1166:6:brightness_sett_Screen	48	static
../source/Device_main_scrn.c:1689:6:default_modes_Opt_Frame	16	static
../source/Device_main_scrn.c:1693:6:default_mode_sett_Opt_Frame	56	static
../source/Device_main_scrn.c:1741:6:default_mode_sett_cursor	56	static
../source/Device_main_scrn.c:1799:6:default_subsetting	56	static
../source/Device_main_scrn.c:1498:6:default_sett_Screen	48	static
../source/Device_main_scrn.c:1851:6:Device_sett_EEPROM_write	8	static
../source/Device_main_scrn.c:124:6:device_sett_Screen	72	static
