../source/Dosage_mode.c:156:9:dose_conc_setting	8	static
../source/Dosage_mode.c:174:9:dose_conc_setting_ml	8	static
../source/Dosage_mode.c:436:9:dosage_fun	8	static
../source/Dosage_mode.c:261:9:drug_unit_settings	40	static
../source/Dosage_mode.c:452:9:dose_unit_Screen	40	static
../source/Dosage_mode.c:586:9:overview_screen	48	static
../source/Dosage_mode.c:85:9:dose_rate_mode	72	static
../source/Dosage_mode.c:188:9:pat_weight_fun	8	static
../source/Dosage_mode.c:195:9:pat_height_fun	8	static
../source/Dosage_mode.c:805:6:dosage_range_limit_fun	32	static
