../source/Main_frame.c:1073:6:ramp_shap.part.0	24	static
../source/Main_frame.c:285:6:FR_spliting	40	static
../source/Main_frame.c:334:6:FR_spliting_DD	48	static
../source/Main_frame.c:502:6:scroll_bar	32	static
../source/Main_frame.c:522:6:dose_rate_para	64	static
../source/Main_frame.c:637:6:bottom_para_frame	32	static
../source/Main_frame.c:755:6:border_lines	16	static
../source/Main_frame.c:711:6:Frame_layout	40	static
../source/Main_frame.c:731:6:Frame_layout3	40	static
../source/Main_frame.c:763:6:separation_lines	24	static
../source/Main_frame.c:772:6:separation_lines2	24	static
../source/Main_frame.c:780:6:border_lines_small	16	static
../source/Main_frame.c:850:6:semi_circle	32	static
../source/Main_frame.c:866:6:draw_rem_frame	24	static
../source/Main_frame.c:400:6:FR_Lines	32	static
../source/Main_frame.c:93:6:main_screen_frame	72	static
../source/Main_frame.c:884:6:speedometer3	168	static
../source/Main_frame.c:1049:6:speedometer_shape	80	static
../source/Main_frame.c:1073:6:ramp_shap	0	static
