../source/Pressure_calib.c:109:10:Pressure_ADC	8	static
../source/Pressure_calib.c:624:6:frame_Pressure_calib	32	static
../source/Pressure_calib.c:697:6:warning_screen_0PSI	32	static
../source/Pressure_calib.c:732:6:warning_screen_20PSI	32	static
../source/Pressure_calib.c:766:6:INFO_Screen_0PSI	32	static
../source/Pressure_calib.c:236:6:Zero_psi_calibration	48	static
../source/Pressure_calib.c:833:6:INFO_Screen_20PSI	24	static
../source/Pressure_calib.c:368:6:Twenty_PSI_Calibration	64	static
../source/Pressure_calib.c:147:6:Pressure_calib_setting	48	static
../source/Pressure_calib.c:858:6:Running_symbol	0	static
../source/Pressure_calib.c:908:10:X_pos_align	0	static
../source/Pressure_calib.c:934:6:Pressure_EEPROM_read	16	static
