../source/Ramp_mode.c:471:6:ramp_para_reset	0	static
../source/Ramp_mode.c:486:7:Ramp_mode_frame	16	static
../source/Ramp_mode.c:507:7:Ramp_mode_opt_Frame	104	static
../source/Ramp_mode.c:585:7:Ramp_mode_cursor	96	static
../source/Ramp_mode.c:666:10:Plateau_FR_calculation	40	static
../source/Ramp_mode.c:103:9:Ramp_mode	88	static
../source/Ramp_mode.c:725:10:Ramp_time_calculation	40	static
../source/Ramp_mode.c:772:6:Ramp_Fr_calculation	8	static
../source/Ramp_mode.c:791:10:Ramp_volume_calculation	40	static
../source/Ramp_mode.c:816:6:ramp_Fr_dispaly	24	static
