../source/SYR_length_calib.c:103:6:display_GLOW_SECOND_Options	88	static
../source/SYR_length_calib.c:351:6:plunger_adc_live_main_screen	48	static
../source/SYR_length_calib.c:504:6:frame_footer_ok_conform	0	static
../source/SYR_length_calib.c:517:6:frame_footer_press_ok_to_conform	24	static
../source/SYR_length_calib.c:529:6:frame_footer_press_ok_to_edit	24	static
../source/SYR_length_calib.c:697:6:split_frame	16	static
../source/SYR_length_calib.c:713:6:Digit_Spiliting_L	40	static
../source/SYR_length_calib.c:755:6:length_option_scroll	56	static
../source/SYR_length_calib.c:546:10:syringe_length_edit	48	static
../source/SYR_length_calib.c:812:6:Left_Right_Indi_L	24	static
../source/SYR_length_calib.c:1039:6:edit_split_frame2	24	static
../source/SYR_length_calib.c:1054:6:Digit_Spiliting2	56	static
../source/SYR_length_calib.c:1107:6:edit_option_scroll2	64	static
../source/SYR_length_calib.c:849:10:edit_screen_1	72	static
../source/SYR_length_calib.c:292:9:syringe_len_collar_len_main_screen	32	static
../source/SYR_length_calib.c:229:6:acc_len_NAV_section	32	static
../source/SYR_length_calib.c:154:6:accu_calib_setting	24	static
../source/SYR_length_calib.c:1172:6:plunger_based_o_ml_max_ml_calculate	64	static
../source/SYR_length_calib.c:1227:6:SL_EEPROM_read	0	static
