../source/TFT_String.c:125:6:Font_Select	0	static
../source/TFT_String.c:187:9:TFT_ST7789V_sercch_symbol_24pt	168	static
../source/TFT_String.c:277:9:TFT_ST7789V_tick_symbol_14pt	88	static
../source/TFT_String.c:333:9:TFT_ST7789V_keylock4_symbol_16pt	144	static
../source/TFT_String.c:385:9:TFT_ST7789V_keyunlock4_symbol_16pt	144	static
../source/TFT_String.c:558:22:ascii_details	12	static
../source/TFT_String.c:481:10:TFT_writechar	88	static
../source/TFT_String.c:471:10:TFT_String	32	static
../source/TFT_String.c:461:10:TFT_Number	56	static
../source/TFT_String.c:446:10:TFT_writenumber_float_com	48	static
../source/TFT_String.c:453:10:TFT_writenumber_float_1d	48	static
../source/TFT_String.c:439:10:TFT_writenumber_float	48	static
../source/TFT_String.c:723:10:Letters_Alignments	56	static
../source/TFT_String.c:644:6:Frame_Header	32	static
../source/TFT_String.c:650:6:Frame_Footer_new	32	static
../source/TFT_String.c:662:6:Frame_Footer	48	static
../source/TFT_String.c:686:6:Frame_Footer_NC	32	static
../source/TFT_String.c:757:11:TFT_String_align	32	static
../source/TFT_String.c:791:9:TFT_ST7789V_left_Right_arrow_14_arial	64	static
../source/TFT_String.c:842:9:TFT_ST7789V_up_down_arrow_20_arial	88	static
../source/TFT_String.c:1057:9:AKAS_LOGO	1560	static
../source/TFT_String.c:1169:10:Right_Alignments	48	static
../source/TFT_String.c:1194:10:Dosage_Alignments	40	static
../source/TFT_String.c:1221:10:Flow_rate_Alignments	40	static
../source/TFT_String.c:1304:9:TFT_ST7789V_Triangle_24pt	152	static
../source/TFT_String.c:1409:9:TFT_ST7789V_Exclamatory_9pt_arial	64	static
../source/TFT_String.c:1522:10:TFT_ST7789V_ALARM_ARROW_20pt	96	static
../source/TFT_String.c:1579:9:TFT_ST7789V_Warning_symbol_18pt	128	static
../source/TFT_String.c:693:6:Frame_Footer_warning	32	static
../source/TFT_String.c:1631:9:TFT_ST7789V_Mute_Symbol_12pt	88	static
../source/TFT_String.c:1686:6:TFT_Time_disp	48	static
../source/TFT_String.c:1765:9:TFT_ST7789V_star_14	88	static
../source/TFT_String.c:1880:9:TFT_ST7789V_BOL_search	128	static
../source/TFT_String.c:1937:9:TFT_ST7789V_power_28pt_arial	336	static
../source/TFT_String.c:1993:9:TFT_ST7789V_standby_28pt_arial	336	static
../source/TFT_String.c:2049:9:right_14	112	static
../source/TFT_String.c:2106:6:syringe_symbol	24	static
../source/TFT_String.c:2141:9:TFT_ST7789V_Summation_symbol	96	static
../source/TFT_String.c:2198:9:TFT_ST7789V_triangle2	88	static
../source/TFT_String.c:2255:9:TFT_ST7789V_Triangle1	200	static
../source/TFT_String.c:2312:9:TFT_ST7789V_rightarrow_symbol	136	static
../source/TFT_String.c:2369:9:warning_triangle_2	232	static
../source/TFT_String.c:2483:9:warning_triangle_1	400	static
../source/TFT_String.c:2540:9:warning_exclaimatory_1	80	static
